/app/cms/
/
/app/groups/
/
/labeo
/servlet
/content/default/
/content/
/content/cms/
/content/
/content/tree/
/content/images/tree/
/js/
/script/
^\s+'/[^/]+/content/script/',\n

action=(\w+),(\w+)
action=$1.$2
view/(\w+),(\w+)
view/$1.$2
table,SetSortColumn
table.SetSortColumn
sort_column
sortColumn
<br([^>]*)>
<br$1>\n
[&?]context=\d+

<INPUT type="hidden" value="\d+" name=name>

<input type="hidden" name="(name|event_start|event_end|validity_start|validity_end|end_time|start_time)" value="\d+"( */)?>

sort_column=
sortColumn=
[?&]table_id=\d+

[?&]row_id=\d+

net.cyklotron.cms.modules.screens
net.cyklotron.cms.modules.views
initDays\(\d+\)
initDays()
<select class="dateSelectorHour"((?s).*?)</select>

<select class="dateSelectorMinute"((?s).*?)</select>

<td class="kalendarz-row">((?s).*?)</td>

new CMSScriptLoader\(((?s).*?)\);
scriptLoader
new ScriptLoader\(((?s).*?)\);
scriptLoader
&page_size=
&pageSize=
net\.labeo\.services\.resource\.EntityDoesNotExistException
org.objectledge.coral.entity.EntityDoesNotExistException
/>
/>\n
<span class="small2">.*&nbsp;&nbsp;&nbsp;&nbsp;</span>
ZEGAR
<div class="zegar">.*</div>
ZEGAR
%20
 
%2F
/
%28
(
%29
)
%22
"
%3D
=
id=<unknown>:
id=
<div id="n2a3"><span class="n2">[^<]*</span></div>

name="LOGIN"
name="login"
