##\$viewEnclosureTool
\$viewEnclosureTool
\$site 
\$cmsData.site 
\$site\.
\$cmsData.site.
\.app\([^)]+\)

\$page_tool
\$pageTool
pageTool.addCommonScriptLink
pageTool.addScriptLink
pageTool.addCommonStyleLink
pageTool.addStyleLink
pageTool.addAppStyleLink
pageTool.addStyleLink
pageTool.addAppScriptLink
pageTool.addScriptLink
\$pageTool\.addStyleLink\("style/popupmenu.css
\$pageTool.addStyleLink("style/cms-popupmenu.css
\$pageTool\.addScriptLink\("js/
\$pageTool.addScriptLink("script/
\$pageTool\.addStyleLink\('style/popupmenu.css
\$pageTool.addStyleLink('style/cms-popupmenu.css
\$pageTool\.addScriptLink\('js/
\$pageTool.addScriptLink('script/
\$component.include
\$component.embed
\$component.embed\('cms',([^)]+)\)
\$component.embed($1)
\$component.embed\("cms",([^)]+)\)
\$component.embed($1)
\$component.embed\(\$cms_data\.component\.app, \$cms_data\.component\.clazz\)
\$component.embed(\$cms_data.component.clazz.replaceAll(',','.'))
'table_id'
'tableId'
'row_id'
'rowId'
\$screen_placeholder
\$!embeddedPlaceholder
\.unset\('view'\)
.unsetView()
\.unset\('action'\)
.unsetAction()
\.set\('view',([^)]+)\)
.setView($1)
\.set\('action',([^)]+)\)
.setAction($1)
\.set\('target_view',([^),]+),([^),]+)\)
.set('target_view',$1.$2)
\.set\('target_view',([^),]+),([^),]+),([^),]+)\)
.set('target_view',$1.$2.$3)
\.view\(([^),]+),([^),]+)\)
.view($1.$2)
\.view\(([^),]+),([^),]+),([^),]+)\)
.view($1.$2.$3)
\.action\(([^),]+),([^),]+)\)
.action($1.$2)
\.action\(([^),]+),([^),]+),([^),]+)\)
.action($1.$2.$3)
\.get\(([^),]+)\)\.asString\(([^),]*)\)
.get($1,$2)
\.([^),.]*)\.asString\(\)
.get('$1')
\.([^),.]*)\.asString\(([^),]*)\)
.get('$1',$2)
\.get\(([^)]*)\)\.asLong\(\)
.getLong($1)
\.get\(([^)]*)\)\.asLong\(([^)]*)\)
.getLong($1,$2)
\.get\(([^)]*)\)\.asInt\(\)
.getInt($1)
\.get\(([^)]*)\)\.asInt\(([^)]*)\)
.getInt($1,$2)
\.get\(([^)]*)\)\.asFloat\(\)
.getFloat($1)
\.get\(([^)]*)\)\.asFloat\(([^)]*)\)
.getFloat($1, $2)
\.get\(([^)]*)\)\.asBoolean\(\)
.getBoolean($1)
\.get\(([^)]*)\)\.asBoolean\(([^)]*)\)
.getBoolean($1, $2)
\.commonResource\('
.content('
\.resource\('
.content('
\.commonResource\("
.content("
\.resource\("
.content("
\$data\.getParameters\(\)
\$parameters
\$data\.parameters
\$parameters
\$data\.view
\$mvcContext.view
\$data\.getView()
\$mvcContext.view
\$data\.getUserPrincipal\(\)
\$authenticationContext.getUserPrincipal()
\$data\.userPrincipal
\$authenticationContext.getUserPrincipal()
\$data\.userAuthenticated
\$authenticationContext.isUserAuthenticated()
\$data\.getUserAuthenticated()
\$authenticationContext.isUserAuthenticated()
\$data\.getLocale\(\)
\$i18nContext.getLocale()
\$data\.locale
\$i18nContext.locale
\$data\.getEncoding\(\)
\$httpContext.getEncoding()
\$data\.encoding
\$httpContext.getEncoding()
\$data\.contentType
\$httpContext.getContentType()
\$data\.getContentType\(\)
\$httpContext.getContentType()
\$data\.getLocalContext\(\).getAttribute
\$httpContext.getSessionAttribute
\$i18n\.useApplication\('cms'\)
\$i18n.usePrefix('cms')
\$i18n\.useApplication\('calendar'\)
\$i18n.usePrefix('calendar')
\$i18n\.usePrefix\("security.role
\$i18n.usePrefix("cms.security.role
\$i18n\.usePrefix\("integration
\$i18n.usePrefix("cms.integration
\$i18n\.usePrefix\('security.role
\$i18n.usePrefix('cms.security.role
\$i18n\.usePrefix\('integration
\$i18n.usePrefix('cms.integration
\$i18n\.usePrefix\('applications
\$i18n.usePrefix('cms.applications
\$i18n\.usePrefix\("applications
\$i18n.usePrefix("cms.applications
\$i18n\.get\("
\$i18n.get("cms.
\$string\.
\$stringTool.
getViewTool\(\$data\)
getViewTool()
\.canModify\(
.canModify(\$cms_tool.getContext(),
\.isValid\(
.isValid(\$cms_tool.getContext(),
\.canView\(
.canView(\$cms_tool.getContext(),
\.canRemove\(
.canRemove(\$cms_tool.getContext(),
\.canAddChild\(
.canAddChild(\$cms_tool.getContext(),
\.canView\(
.canView(\$cms_tool.getContext(),
\$\{data\.view\}
\cms.\${mvcContext.view}
#date_selector_optional
#date_selector_optional_minutes
#set\(\$scope = "applications\.
#set(\$scope = "cms.applications.
\$parent_conf\.get\(\$parent\)\.contents
\$parent_conf.get(\$parent).toString()